Copyright 1986-2020 Xilinx, Inc. All Rights Reserved.
----------------------------------------------------------------------------------------------
| Tool Version : Vivado v.2020.2 (win64) Build 3064766 Wed Nov 18 09:12:45 MST 2020
| Date         : Wed Apr 24 23:14:44 2024
| Host         : 7R74KS3-A081 running 64-bit major release  (build 9200)
| Command      : report_control_sets -verbose -file Project_1_wrapper_control_sets_placed.rpt
| Design       : Project_1_wrapper
| Device       : xc7a35t
----------------------------------------------------------------------------------------------

Control Set Information

Table of Contents
-----------------
1. Summary
2. Histogram
3. Flip-Flop Distribution
4. Detailed Control Set Information

1. Summary
----------

+----------------------------------------------------------+-------+
|                          Status                          | Count |
+----------------------------------------------------------+-------+
| Total control sets                                       |    27 |
|    Minimum number of control sets                        |    27 |
|    Addition due to synthesis replication                 |     0 |
|    Addition due to physical synthesis replication        |     0 |
| Unused register locations in slices containing registers |    58 |
+----------------------------------------------------------+-------+
* Control sets can be merged at opt_design using control_set_merge or merge_equivalent_drivers
** Run report_qor_suggestions for automated merging and remapping suggestions


2. Histogram
------------

+--------------------+-------+
|       Fanout       | Count |
+--------------------+-------+
| Total control sets |    27 |
| >= 0 to < 4        |     0 |
| >= 4 to < 6        |     5 |
| >= 6 to < 8        |     3 |
| >= 8 to < 10       |     4 |
| >= 10 to < 12      |     2 |
| >= 12 to < 14      |     1 |
| >= 14 to < 16      |     3 |
| >= 16              |     9 |
+--------------------+-------+
* Control sets can be remapped at either synth_design or opt_design


3. Flip-Flop Distribution
-------------------------

+--------------+-----------------------+------------------------+-----------------+--------------+
| Clock Enable | Synchronous Set/Reset | Asynchronous Set/Reset | Total Registers | Total Slices |
+--------------+-----------------------+------------------------+-----------------+--------------+
| No           | No                    | No                     |             155 |           40 |
| No           | No                    | Yes                    |               5 |            2 |
| No           | Yes                   | No                     |             102 |           37 |
| Yes          | No                    | No                     |              91 |           22 |
| Yes          | No                    | Yes                    |              48 |           10 |
| Yes          | Yes                   | No                     |             149 |           40 |
+--------------+-----------------------+------------------------+-----------------+--------------+


4. Detailed Control Set Information
-----------------------------------

+------------------------------------+-----------------------------------------------------------------------------------------------------------+-------------------------------------------------------------------------------------------------------------------------------------------------------+------------------+----------------+--------------+
|            Clock Signal            |                                               Enable Signal                                               |                                                                    Set/Reset Signal                                                                   | Slice Load Count | Bel Load Count | Bels / Slice |
+------------------------------------+-----------------------------------------------------------------------------------------------------------+-------------------------------------------------------------------------------------------------------------------------------------------------------+------------------+----------------+--------------+
|  Project_1_i/clk_wiz/inst/clk_out1 |                                                                                                           | Project_1_i/AXI4Stream_UART_0/U0/FIFO_DATA_TX/gnuram_async_fifo.xpm_fifo_base_inst/xpm_fifo_rst_inst/FSM_onehot_gen_rst_ic.curr_wrst_state[4]_i_1_n_0 |                2 |              4 |         2.00 |
|  Project_1_i/clk_wiz/inst/clk_out1 |                                                                                                           | Project_1_i/AXI4Stream_UART_0/U0/FIFO_DATA_RX/gnuram_async_fifo.xpm_fifo_base_inst/xpm_fifo_rst_inst/FSM_onehot_gen_rst_ic.curr_wrst_state[4]_i_1_n_0 |                2 |              4 |         2.00 |
|  Project_1_i/clk_wiz/inst/clk_out1 |                                                                                                           | Project_1_i/proc_sys_reset_0/U0/EXT_LPF/lpf_int                                                                                                       |                3 |              4 |         1.33 |
|  Project_1_i/clk_wiz/inst/clk_out1 | Project_1_i/axi4stream_spi_master_0/U0/inst_axis_lw_spi_master/inst_lw_spi_master/cntr[3]_i_2_n_0         | Project_1_i/axi4stream_spi_master_0/U0/inst_axis_lw_spi_master/inst_lw_spi_master/cntr[3]_i_1_n_0                                                     |                2 |              4 |         2.00 |
|  Project_1_i/clk_wiz/inst/clk_out1 | Project_1_i/AXI4Stream_UART_0/U0/UART_Manager_inst/Inst_uart/rx_baud_tick__0                              |                                                                                                                                                       |                1 |              4 |         4.00 |
|  Project_1_i/clk_wiz/inst/clk_out1 | Project_1_i/digilent_jstk2_0/U0/m_axis_tdata0                                                             | Project_1_i/digilent_jstk2_0/U0/m_axis_tdata[6]_i_1_n_0                                                                                               |                2 |              6 |         3.00 |
|  Project_1_i/clk_wiz/inst/clk_out1 | Project_1_i/proc_sys_reset_0/U0/SEQ/seq_cnt_en                                                            | Project_1_i/proc_sys_reset_0/U0/SEQ/SEQ_COUNTER/clear                                                                                                 |                1 |              6 |         6.00 |
|  Project_1_i/clk_wiz/inst/clk_out1 | Project_1_i/axi4stream_spi_master_0/U0/inst_axis_lw_spi_master/inst_lw_spi_master/write_reg[7]_i_1_n_0    |                                                                                                                                                       |                1 |              7 |         7.00 |
|  Project_1_i/clk_wiz/inst/clk_out1 | Project_1_i/AXI4Stream_UART_0/U0/UART_Manager_inst/Inst_uart/E[0]                                         | Project_1_i/proc_sys_reset_0/U0/peripheral_reset[0]                                                                                                   |                1 |              8 |         8.00 |
|  Project_1_i/clk_wiz/inst/clk_out1 | Project_1_i/AXI4Stream_UART_0/U0/UART_Manager_inst/data_stream_in[7]_i_1_n_0                              | Project_1_i/proc_sys_reset_0/U0/peripheral_reset[0]                                                                                                   |                2 |              8 |         4.00 |
|  Project_1_i/clk_wiz/inst/clk_out1 | Project_1_i/jstk_uart_bridge_0/U0/tempValue_G0                                                            |                                                                                                                                                       |                2 |              8 |         4.00 |
|  Project_1_i/clk_wiz/inst/clk_out1 | Project_1_i/jstk_uart_bridge_0/U0/tempValue_R0                                                            |                                                                                                                                                       |                2 |              8 |         4.00 |
|  Project_1_i/clk_wiz/inst/clk_out1 | Project_1_i/AXI4Stream_UART_0/U0/UART_Manager_inst/Inst_uart/uart_tx_count[2]_i_1_n_0                     | Project_1_i/proc_sys_reset_0/U0/peripheral_reset[0]                                                                                                   |                4 |             10 |         2.50 |
|  Project_1_i/clk_wiz/inst/clk_out1 | Project_1_i/AXI4Stream_UART_0/U0/UART_Manager_inst/Inst_uart/uart_rx_data_vec                             | Project_1_i/proc_sys_reset_0/U0/peripheral_reset[0]                                                                                                   |                2 |             11 |         5.50 |
|  Project_1_i/clk_wiz/inst/clk_out1 |                                                                                                           | Project_1_i/AXI4Stream_UART_0/U0/FIFO_DATA_RX/gnuram_async_fifo.xpm_fifo_base_inst/xpm_fifo_rst_inst/wrst_busy                                        |                4 |             12 |         3.00 |
|  Project_1_i/clk_wiz/inst/clk_out1 |                                                                                                           | Project_1_i/axi4stream_spi_master_0/U0/inst_axis_lw_spi_master/inst_lw_spi_master/edgecntr[13]_i_1_n_0                                                |                3 |             15 |         5.00 |
|  Project_1_i/clk_wiz/inst/clk_out1 |                                                                                                           | Project_1_i/AXI4Stream_UART_0/U0/FIFO_DATA_TX/gnuram_async_fifo.xpm_fifo_base_inst/xpm_fifo_rst_inst/gen_rst_ic.fifo_rd_rst_ic_reg_0                  |                6 |             15 |         2.50 |
|  Project_1_i/clk_wiz/inst/clk_out1 |                                                                                                           | Project_1_i/AXI4Stream_UART_0/U0/FIFO_DATA_RX/gnuram_async_fifo.xpm_fifo_base_inst/xpm_fifo_rst_inst/gen_rst_ic.fifo_rd_rst_ic_reg_0                  |                6 |             15 |         2.50 |
|  Project_1_i/clk_wiz/inst/clk_out1 | Project_1_i/AXI4Stream_UART_0/U0/FIFO_DATA_TX/gnuram_async_fifo.xpm_fifo_base_inst/rdp_inst/E[0]          | Project_1_i/AXI4Stream_UART_0/U0/FIFO_DATA_TX/gnuram_async_fifo.xpm_fifo_base_inst/xpm_fifo_rst_inst/gen_rst_ic.fifo_rd_rst_ic_reg_0                  |                6 |             23 |         3.83 |
|  Project_1_i/clk_wiz/inst/clk_out1 | Project_1_i/AXI4Stream_UART_0/U0/FIFO_DATA_RX/gnuram_async_fifo.xpm_fifo_base_inst/rdp_inst/E[0]          | Project_1_i/AXI4Stream_UART_0/U0/FIFO_DATA_RX/gnuram_async_fifo.xpm_fifo_base_inst/xpm_fifo_rst_inst/gen_rst_ic.fifo_rd_rst_ic_reg_0                  |                6 |             23 |         3.83 |
|  Project_1_i/clk_wiz/inst/clk_out1 | Project_1_i/digilent_jstk2_0/U0/delay_count0                                                              |                                                                                                                                                       |                8 |             32 |         4.00 |
|  Project_1_i/clk_wiz/inst/clk_out1 | Project_1_i/digilent_jstk2_0/U0/param_count0                                                              | Project_1_i/digilent_jstk2_0/U0/param_count[31]_i_1_n_0                                                                                               |                8 |             32 |         4.00 |
|  Project_1_i/clk_wiz/inst/clk_out1 | Project_1_i/jstk_uart_bridge_0/U0/msgIndexRx[31]_i_1_n_0                                                  | Project_1_i/jstk_uart_bridge_0/U0/clear                                                                                                               |                7 |             32 |         4.57 |
|  Project_1_i/clk_wiz/inst/clk_out1 | Project_1_i/jstk_uart_bridge_0/U0/tempValue_B0                                                            |                                                                                                                                                       |                8 |             32 |         4.00 |
|  Project_1_i/clk_wiz/inst/clk_out1 | Project_1_i/AXI4Stream_UART_0/U0/FIFO_DATA_RX/gnuram_async_fifo.xpm_fifo_base_inst/xpm_fifo_rst_inst/E[0] | Project_1_i/AXI4Stream_UART_0/U0/FIFO_DATA_RX/gnuram_async_fifo.xpm_fifo_base_inst/xpm_fifo_rst_inst/wrst_busy                                        |                9 |             34 |         3.78 |
|  Project_1_i/clk_wiz/inst/clk_out1 |                                                                                                           | Project_1_i/proc_sys_reset_0/U0/peripheral_reset[0]                                                                                                   |               13 |             38 |         2.92 |
|  Project_1_i/clk_wiz/inst/clk_out1 |                                                                                                           |                                                                                                                                                       |               41 |            156 |         3.80 |
+------------------------------------+-----------------------------------------------------------------------------------------------------------+-------------------------------------------------------------------------------------------------------------------------------------------------------+------------------+----------------+--------------+


