#-----------------------------------------------------------
# Vivado v2020.2 (64-bit)
# SW Build 3064766 on Wed Nov 18 09:12:45 MST 2020
# IP Build 3064653 on Wed Nov 18 14:17:31 MST 2020
# Start of session at: Sat May 25 18:56:16 2024
# Process ID: 11752
# Current directory: C:/Users/euzun/Desktop/DESD/LAB3_Eren/lab3_template.xpr/lab3_template/lab3_template.runs/design_1_mute_controller_0_0_synth_1
# Command line: vivado.exe -log design_1_mute_controller_0_0.vds -product Vivado -mode batch -messageDb vivado.pb -notrace -source design_1_mute_controller_0_0.tcl
# Log file: C:/Users/euzun/Desktop/DESD/LAB3_Eren/lab3_template.xpr/lab3_template/lab3_template.runs/design_1_mute_controller_0_0_synth_1/design_1_mute_controller_0_0.vds
# Journal file: C:/Users/euzun/Desktop/DESD/LAB3_Eren/lab3_template.xpr/lab3_template/lab3_template.runs/design_1_mute_controller_0_0_synth_1\vivado.jou
#-----------------------------------------------------------
source design_1_mute_controller_0_0.tcl -notrace
